register normalizers/mysql
[[0,0.0,0.0],true]
normalize   'NormalizerMySQLUnicode900("locale", "ja",                              "weight_level", 4)'   "AÀÁÂÃÄÅaàáâãäåĀāĂăĄą"
[
  [
    0,
    0.0,
    0.0
  ],
  {
    "normalized": "AÀÁÂÃÄÅaàáâãäåĀāĂăĄą",
    "types": [

    ],
    "checks": [

    ]
  }
]
